
> bnw-clone@0.1.0 build
> next build

Γû▓ Next.js 16.1.6 (Turbopack)

  Creating an optimized production build ...
Γ£ô Compiled successfully in 5.2s
  Running TypeScript ...
  Collecting page data using 19 workers ...
  Generating static pages using 19 workers (0/30) ...
  Generating static pages using 19 workers (7/30) 
npm : Error occurred prerendering 
page "/". Read more: https://nextjs
.org/docs/messages/prerender-error
At line:1 char:1
+ npm run build 2>&1 | Tee-Object 
-FilePath "build_error.log"
+ ~~~~~~~~~~~~~~~~~~
    + CategoryInfo          : NotS 
   pecified: (Error occurred ...p  
  rerender-error:String) [], Rem   
 oteException
    + FullyQualifiedErrorId : Nati 
   veCommandError
 
Error: Attempted to call 
usePopup() from the server but 
usePopup is on the client. It's 
not possible to invoke a client 
function from the server, it can 
only be rendered as a Component or 
passed to props of a Client 
Component.
    at <unknown> (D:\desktop\D_fold
er\Sarthak\bnw-clone\.next\server\c
hunks\ssr\[root-of-the-server]__ceb
1b68e._.js:1:2053)
    at k (D:\desktop\D_folder\Sarth
ak\bnw-clone\.next\server\chunks\ss
r\src_bf5dd909._.js:1:9920) {
  digest: '55414798'
}
Export encountered an error on 
/page: /, exiting the build.
Γ¿» Next.js build worker exited 
with code: 1 and signal: null
